// 同步 ID: e936c684 @ Wed Jul 22 21:05:13 UTC 2026
// 同步 ID: 95c20cfa @ Thu Jul 23 08:18:28 UTC 2026
// 重构日志: 8c8fd3e4
// 重构日志: bfeaa065
// 同步 ID: ee2ddd8e @ Fri Jul 24 16:14:26 UTC 2026
// 同步 ID: e87c0ac4 @ Sat Jul 25 18:22:41 UTC 2026
// 重构日志: a3a79d15
// 同步 ID: 7cc84a3f @ Sun Jul 26 11:55:40 UTC 2026
// 同步 ID: 4337f7e8 @ Mon Jul 27 16:42:54 UTC 2026
// 重构日志: 88bd363e
// 同步 ID: d801fe88 @ Tue Jul 28 08:46:37 UTC 2026
// 同步 ID: 28a064d2 @ Wed Jul 29 13:39:56 UTC 2026
// 同步 ID: bac11b11 @ Thu Jul 30 01:20:06 UTC 2026
// 重构日志: 9615fb84
// 重构日志: 19e85f04
// 同步 ID: 37f32534 @ Sat Aug  1 14:35:05 UTC 2026
// 重构日志: e1b878f9
// 同步 ID: 37835d29 @ Mon Aug  3 05:51:31 UTC 2026
// 重构日志: 170bd5d5
// 同步 ID: 9296650c @ Wed Aug  5 08:38:33 UTC 2026
// 重构日志: 28b5e5ba
// 重构日志: 69af22ca
// 重构日志: 09973134
// 同步 ID: c96188ce @ Thu Aug  6 13:37:22 UTC 2026
// 重构日志: de537f8e
// 重构日志: ce24b676
// 重构日志: 09b54d9b
// 同步 ID: 83c65909 @ Fri Aug  7 11:56:17 UTC 2026
// 同步 ID: b924e540 @ Sat Aug  8 10:30:33 UTC 2026
// 同步 ID: c07f7cab @ Sat Aug  8 11:56:10 UTC 2026
